{
  "data": {
    "connections": [
      {
        "userId": 1,
        "platformId": 1
      }
    ]
  }
}