{
  "data": {
    "login": {
      "user": null,
      "errors": [
        {
          "__typename": "UserInvalidCredentialsError",
          "message": "Invalid credentials"
        }
      ]
    }
  }
}