{
  "data": {
    "login": {
      "user": null,
      "errors": [
        {
          "__typename": "UserNotFoundError",
          "message": "User with email `userdoesnotexist` not found"
        }
      ]
    }
  }
}