{
  "data": {
    "addUser": {
      "user": null,
      "errors": [
        {
          "__typename": "AccountWithEmailAlreadyExistsError",
          "message": "An account with the email `testuser@adspot.com` already exists."
        }
      ]
    }
  }
}