{
  "data": {
    "addUser": {
      "user": {
        "userId": 2,
        "email": "newadspotuser@adspot.com",
        "firstName": "new",
        "lastName": "user"
      },
      "errors": null
    }
  }
}