{
  "data": {
    "login": {
      "user": {
        "userId": 1,
        "email": "testuser@adspot.com",
        "firstName": "Test",
        "lastName": "User"
      },
      "errors": null
    }
  }
}