{
  "data": {
    "addListing": {
      "listing": {
        "listingId": 1
      },
      "errors": null
    }
  }
}