{
  "data": {
    "updateListingPrice": {
      "listing": {
        "listingId": 1,
        "price": 120.00
      },
      "errors": null
    }
  }
}