{
  "data": {
    "updateListingPrice": {
      "listing": null,
      "errors": [
        {
          "__typename": "ListingDoesNotBelongToUserError",
          "message": "Listing with id 1 does not belong to user with id 1"
        }
      ]
    }
  }
}