{
  "data": {
    "updateListingPrice": {
      "listing": null,
      "errors": [
        {
          "__typename": "InvalidListingIdError",
          "message": "Listing with id `2` does not exist."
        }
      ]
    }
  }
}