{
  "data": {
    "addConnection": {
      "connection": null,
      "errors": [
        {
          "__typename": "ConnectionAlreadyExistsError",
          "message": "User with id `1` already has a connected account for platform with id `1`."
        }
      ]
    }
  }
}