{
  "data": {
    "addConnection": {
      "connection": [
        {
          "userId": 1,
          "platformId": 1
        }
      ],
      "errors": null
    }
  }
}