{
  "data": {
    "acceptOrder": {
      "order": {
        "listingId": 1,
        "userId": 2,
        "orderId": 1,
        "description": "Test Order"
      },
      "errors": null
    }
  }
}