{
  "data": {
    "orderListing": {
      "order": null,
      "errors": [
        {
          "__typename": "InvalidListingIdError",
          "message": "Listing with id `-1` does not exist."
        }
      ]
    }
  }
}