{
  "data": {
    "rejectOrder": {
      "order": null,
      "errors": [
        {
          "__typename": "InvalidOrderIdError",
          "message": "Order with id -1 does not exist."
        }
      ]
    }
  }
}