{
  "data": {
    "userById": {
      "userId": 1,
      "firstName": "Test",
      "lastName": "User",
      "email": "testuser@adspot.com"
    }
  }
}