{
  "data": {
    "orderById": {
      "userId": 1,
      "listingId": 1,
      "price": 100.00,
      "description": "Test Order"
    }
  }
}