{
  "data": {
    "ordersByStatus": {
      "totalCount": 1
    }
  }
}