{
  "data": {
    "orders": {
      "totalCount": 1
    }
  }
}