{
  "data": {
    "requestsByStatus": {
      "totalCount": 1
    }
  }
}