{
  "data": {
    "addListing": {
      "listing": [
        {
          "listingId": 424
        }
      ],
      "errors": null
    }
  }
}